---
source: bluejay-parser/tests/schema_definition_integration_test.rs
expression: formatted_errors
input_file: bluejay-parser/tests/test_data/schema_definition/error/explicit_schema_definition_missing_query.graphql
---
Error: Schema definition does not contain a query
   ╭─[<unknown>:5:8]
   │
 5 │ ╭─▶ schema {
   ┆ ┆   
 7 │ ├─▶ }
   │ │       
   │ ╰─────── Does not contain a query
───╯

